c:\users\jacob\documents\code\funsim\build\funsim.dir\release\imgui_impl_sdlrenderer2.obj
c:\users\jacob\documents\code\funsim\build\funsim.dir\release\imgui_impl_sdl2.obj
c:\users\jacob\documents\code\funsim\build\funsim.dir\release\imgui_widgets.obj
c:\users\jacob\documents\code\funsim\build\funsim.dir\release\imgui_tables.obj
c:\users\jacob\documents\code\funsim\build\funsim.dir\release\imgui_draw.obj
c:\users\jacob\documents\code\funsim\build\funsim.dir\release\imgui.obj
c:\users\jacob\documents\code\funsim\build\funsim.dir\release\util.obj
c:\users\jacob\documents\code\funsim\build\funsim.dir\release\ui.obj
c:\users\jacob\documents\code\funsim\build\funsim.dir\release\factions.obj
c:\users\jacob\documents\code\funsim\build\funsim.dir\release\settlements.obj
c:\users\jacob\documents\code\funsim\build\funsim.dir\release\render.obj
c:\users\jacob\documents\code\funsim\build\funsim.dir\release\tools.obj
c:\users\jacob\documents\code\funsim\build\funsim.dir\release\humans.obj
c:\users\jacob\documents\code\funsim\build\funsim.dir\release\world.obj
c:\users\jacob\documents\code\funsim\build\funsim.dir\release\app.obj
c:\users\jacob\documents\code\funsim\build\funsim.dir\release\main.obj
c:\users\jacob\documents\code\funsim\build\funsim.dir\release\vc143.pdb
c:\users\jacob\documents\code\funsim\build\cmakefiles\generate.stamp
c:\users\jacob\documents\code\funsim\build\release\funsim.exe
c:\users\jacob\documents\code\funsim\build\release\funsim.pdb
c:\users\jacob\documents\code\funsim\build\funsim.dir\release\funsim.tlog\cl.command.1.tlog
c:\users\jacob\documents\code\funsim\build\funsim.dir\release\funsim.tlog\cl.items.tlog
c:\users\jacob\documents\code\funsim\build\funsim.dir\release\funsim.tlog\cl.read.1.tlog
c:\users\jacob\documents\code\funsim\build\funsim.dir\release\funsim.tlog\cl.write.1.tlog
c:\users\jacob\documents\code\funsim\build\funsim.dir\release\funsim.tlog\custombuild.command.1.tlog
c:\users\jacob\documents\code\funsim\build\funsim.dir\release\funsim.tlog\custombuild.read.1.tlog
c:\users\jacob\documents\code\funsim\build\funsim.dir\release\funsim.tlog\custombuild.write.1.tlog
c:\users\jacob\documents\code\funsim\build\funsim.dir\release\funsim.tlog\link.command.1.tlog
c:\users\jacob\documents\code\funsim\build\funsim.dir\release\funsim.tlog\link.read.1.tlog
c:\users\jacob\documents\code\funsim\build\funsim.dir\release\funsim.tlog\link.secondary.1.tlog
c:\users\jacob\documents\code\funsim\build\funsim.dir\release\funsim.tlog\link.write.1.tlog
